
> studio-marmer@0.1.0 build
> next build

▲ Next.js 16.2.7 (Turbopack)
- Environments: .env

  Creating an optimized production build ...
✓ Compiled successfully in 17.1s
  Running TypeScript ...
  Finished TypeScript in 16.2s ...
  Collecting page data using 7 workers ...
  Generating static pages using 7 workers (0/14) ...
  Generating static pages using 7 workers (3/14) 
  Generating static pages using 7 workers (6/14) 
  Generating static pages using 7 workers (10/14) 
✓ Generating static pages using 7 workers (14/14) in 1015ms
  Finalizing page optimization ...

Route (app)
┌ ƒ /
├ ○ /_not-found
├ ƒ /admin
├ ƒ /admin/kategori
├ ƒ /admin/kategori/[id]/edit
├ ƒ /admin/kategori/tambah
├ ○ /admin/login
├ ƒ /admin/pengaturan
├ ƒ /admin/produk
├ ƒ /admin/produk/[id]/edit
├ ƒ /admin/produk/tambah
├ ƒ /api/auth/[...nextauth]
├ ○ /galeri
├ ○ /kontak
├ ƒ /produk/[slug]
└ ○ /tentang-kami


ƒ Proxy (Middleware)

○  (Static)   prerendered as static content
ƒ  (Dynamic)  server-rendered on demand

